exports[`App renders a well formed component 1`] = `
<main>
  <header>
    <nav>
      <h1>
        <a
          onClick={[Function]}
          style={Object {}}>
          notes
        </a>
      </h1>
      <ul>
        <li>
          <a
            onClick={[Function]}
            style={Object {}}>
            accelerating-returns
          </a>
        </li>
        <li>
          <a
            onClick={[Function]}
            style={Object {}}>
            bertrand
          </a>
        </li>
        <li>
          <a
            onClick={[Function]}
            style={Object {}}>
            secretary
          </a>
        </li>
        <li>
          <a
            onClick={[Function]}
            style={Object {}}>
            simulation
          </a>
        </li>
      </ul>
    </nav>
    <aside>
      <a
        href="https://github.com/n6g7/notes"
        target="blank"
        title="GitHub repository">
        <img
          alt="GitHub"
          src={Object {}} />
      </a>
    </aside>
  </header>
  <article
    className="container" />
</main>
`;
